// Jest Snapshot v1, https://goo.gl/fbAQLP

exports[`SIGN-IN-AND-SIGN-UP TESTS render SignInAndSignUp Component 1`] = `
<styled.div>
  <Connect(SignIn) />
  <Connect(SignUp) />
</styled.div>
`;
