// Jest Snapshot v1, https://goo.gl/fbAQLP

exports[`HOMEPAGE TESTS render Homepage 1`] = `
<styled.div>
  <Connect(Directory) />
</styled.div>
`;
